[36mvite v6.3.5 [32mbuilding for production...[36m[39m
transforming...
[32mΓ£ô[39m 2627 modules transformed.
node.exe : [31mΓ£ù[39m Build failed in 12.17s
At line:1 char:1
+ & "C:\Program Files\nodejs/node.exe" "C:\Program Files\nodejs/node_mo ...
+ ~~~~~~~~~~~~~~~~~~~~~~~~~~~~~~~~~~~~~~~~~~~~~~~~~~~~~~~~~~~~~~~~~~~~~
    + CategoryInfo          : NotSpecified: ([31mΓ£ù[39m Build failed in 12. 
   17s:String) [], RemoteException
    + FullyQualifiedErrorId : NativeCommandError
 
[31merror during build:
[31m[vite:terser] terser not found. Since Vite v3, terser has become an 
optional dependency. You need to install it.[31m
    at loadTerserPath (file:///C:/Users/kofio/Downloads/KNUST%20Network%20Opera
tions%20Website/node_modules/.pnpm/vite@6.3.5_jiti@2.6.1_lightningcss@1.30.1/no
de_modules/vite/dist/node/chunks/dep-DBxKXgDP.js:9752:13)
    at Object.renderChunk (file:///C:/Users/kofio/Downloads/KNUST%20Network%20O
perations%20Website/node_modules/.pnpm/vite@6.3.5_jiti@2.6.1_lightningcss@1.30.
1/node_modules/vite/dist/node/chunks/dep-DBxKXgDP.js:9793:27)
    at Object.handler (file:///C:/Users/kofio/Downloads/KNUST%20Network%20Opera
tions%20Website/node_modules/.pnpm/vite@6.3.5_jiti@2.6.1_lightningcss@1.30.1/no
de_modules/vite/dist/node/chunks/dep-DBxKXgDP.js:46529:15)
    at file:///C:/Users/kofio/Downloads/KNUST%20Network%20Operations%20Website/
node_modules/.pnpm/rollup@4.60.2/node_modules/rollup/dist/es/shared/node-entry.
js:22981:40[39m
